
> svelte@0.0.1 dev
> vite dev --cors --port 3000 --host 0.0.0.0

6:52:48 PM [vite] (client) Forced re-optimization of dependencies

  VITE v6.2.1  ready in 1750 ms

  ➜  Local:   http://localhost:3000/
  ➜  Network: http://172.17.0.2:3000/
7:01:24 PM [vite] (ssr) Error when evaluating SSR module /src/routes/+page.svelte: src/routes/TicTacToe.svelte:254:8 Expected a valid CSS identifier
https://svelte.dev/e/css_expected_identifier

- Did you forget to add a lang attribute to your style tag?
- Did you forget to add a lang attribute to your style tag?
  Plugin: vite-plugin-svelte
  File: src/routes/TicTacToe.svelte:254:8
   252 |  .ttt-title {
   253 |    text-align: center;
   254 |    color: {PALETTE.primary};
                  ^
   255 |    font-size: 2.1rem;
   256 |    font-weight: 700;
7:01:24 PM [vite] (ssr) Error when evaluating SSR module /src/routes/+page.svelte: src/routes/TicTacToe.svelte:254:8 Expected a valid CSS identifier
https://svelte.dev/e/css_expected_identifier

- Did you forget to add a lang attribute to your style tag?
- Did you forget to add a lang attribute to your style tag?
  Plugin: vite-plugin-svelte
  File: src/routes/TicTacToe.svelte:254:8
   252 |  .ttt-title {
   253 |    text-align: center;
   254 |    color: {PALETTE.primary};
                  ^
   255 |    font-size: 2.1rem;
   256 |    font-weight: 700;
[Error [CompileError]: src/routes/TicTacToe.svelte:254:8 Expected a valid CSS identifier
https://svelte.dev/e/css_expected_identifier

- Did you forget to add a lang attribute to your style tag?
- Did you forget to add a lang attribute to your style tag?] {
  id: 'src/routes/TicTacToe.svelte',
  frame: ' 252 |  .ttt-title {\n' +
    ' 253 |    text-align: center;\n' +
    ' 254 |    color: {PALETTE.primary};\n' +
    '                ^\n' +
    ' 255 |    font-size: 2.1rem;\n' +
    ' 256 |    font-weight: 700;',
  code: 'css_expected_identifier',
  loc: { line: 254, column: 8, file: 'src/routes/TicTacToe.svelte' },
  plugin: 'vite-plugin-svelte',
  pluginCode: '<script lang="ts">\n' +
    '// PUBLIC_INTERFACE\n' +
    '/**\n' +
    ' * Main Tic Tac Toe game component.\n' +
    ' * Features:\n' +
    ' *  - Player vs Player and Player vs Computer\n' +
    ' *  - Responsive, modern/minimal layout\n' +
    ' *  - Uses provided color palette: primary/accent/secondary\n' +
    ' *  - Displays board, status, start/new game and restart controls\n' +
    ' */\n' +
    '\n' +
    "import { onMount } from 'svelte';\n" +
    '\n' +
    "type Player = 'X' | 'O';\n" +
    "type Cell = Player | '';\n" +
    'type Board = Cell[][];\n' +
    "type GameMode = 'pvp' | 'cpu';\n" +
    '\n' +
    'const BOARD_SIZE = 3;\n' +
    '\n' +
    '// --- State ---\n' +
    'let board: Board = [];\n' +
    "let currentPlayer: Player = 'X';\n" +
    'let winner: Player | null = null;\n' +
    'let draw: boolean = false;\n' +
    'let started: boolean = false;\n' +
    "let gameMode: GameMode = 'pvp';\n" +
    "let status: string = '';\n" +
    'let gameActive: boolean = true;\n' +
    "let startingPlayer: Player = 'X';\n" +
    '\n' +
    '// --- Setup Color Palette ---\n' +
    'const PALETTE = {\n' +
    "  accent: '#fbbf24',    // yellow\n" +
    "  primary: '#2563eb',   // blue\n" +
    "  secondary: '#64748b', // slate\n" +
    '};\n' +
    '\n' +
    '// --- New Game Initialization ---\n' +
    'function initBoard() {\n' +
    "  board = Array.from({ length: BOARD_SIZE }, () => Array<Cell>(BOARD_SIZE).fill(''));\n" +
    '  winner = null;\n' +
    '  draw = false;\n' +
    '  currentPlayer = startingPlayer;\n' +
    '  gameActive = true;\n' +
    "  status = '';\n" +
    '  started = true;\n' +
    '  // If CPU starts, let it make first move\n' +
    "  if (gameMode === 'cpu' && currentPlayer === 'O') {\n" +
    '    setTimeout(() => computerMove(), 400);\n' +
    '  }\n' +
    '}\n' +
    '\n' +
    'function startNewGame(selectedMode: GameMode) {\n' +
    '  gameMode = selectedMode;\n' +
    "  startingPlayer = 'X';\n" +
    '  initBoard();\n' +
    '}\n' +
    '\n' +
    'function restartGame() {\n' +
    '  // Alternate the starting player for fairness\n' +
    "  startingPlayer = startingPlayer === 'X' ? 'O' : 'X';\n" +
    '  initBoard();\n' +
    '}\n' +
    '\n' +
    '// --- Board Actions & Logic ---\n' +
    'function handleCellClick(row: number, col: number) {\n' +
    "  if (!gameActive || board[row][col] !== '') return;\n" +
    '  if (winner || draw) return;\n' +
    "  if (gameMode === 'cpu' && currentPlayer === 'O') return; // wait for CPU\n" +
    '\n' +
    '  board[row][col] = currentPlayer;\n' +
    '  checkGameState();\n' +
    '\n' +
    "  if (gameMode === 'cpu' && currentPlayer === 'O' && !winner && !draw) {\n" +
    "    setTimeout(() => computerMove(), 400); // CPU 'O' move\n" +
    '  }\n' +
    '}\n' +
    '\n' +
    'function checkGameState() {\n' +
    '  const result = calculateWinner(board);\n' +
    '  if (result) {\n' +
    '    winner = result;\n' +
    '    gameActive = false;\n' +
    '    status = `${winner} wins! 🎉`;\n' +
    '    return;\n' +
    '  }\n' +
    '  if (isBoardFull(board)) {\n' +
    '    draw = true;\n' +
    '    gameActive = false;\n' +
    `    status = "It's a draw! 🤝";\n` +
    '    return;\n' +
    '  }\n' +
    "  currentPlayer = currentPlayer === 'X' ? 'O' : 'X';\n" +
    "  status = `${currentPlayer}'s turn` + (gameMode === 'cpu' && currentPlayer === 'O' ? ' (Computer)' : '');\n" +
    '}\n' +
    '\n' +
    "// Returns 'X' | 'O' | null\n" +
    'function calculateWinner(board: Board): Player | null {\n' +
    '  // Rows, columns, diagonals\n' +
    '  for (let i = 0; i < BOARD_SIZE; i++) {\n' +
    '    // Row\n' +
    '    if (board[i][0] && board[i][0] === board[i][1] && board[i][1] === board[i][2]) return board[i][0];\n' +
    '    // Column\n' +
    '    if (board[0][i] && board[0][i] === board[1][i] && board[1][i] === board[2][i]) return board[0][i];\n' +
    '  }\n' +
    '  // Diagonals\n' +
    '  if (board[0][0] && board[0][0] === board[1][1] && board[1][1] === board[2][2]) return board[0][0];\n' +
    '  if (board[0][2] && board[0][2] === board[1][1] && board[1][1] === board[2][0]) return board[0][2];\n' +
    '  return null;\n' +
    '}\n' +
    '\n' +
    'function isBoardFull(board: Board): boolean {\n' +
    "  return board.every(row => row.every(cell => cell !== ''));\n" +
    '}\n' +
    '\n' +
    '// ----- Computer AI (Random available spot, could be improved) -----\n' +
    'function computerMove() {\n' +
    "  if (!gameActive || currentPlayer !== 'O') return;\n" +
    '  // Collect empty cells\n' +
    '  const empties: { row: number, col: number }[] = [];\n' +
    '  board.forEach((row, i) => row.forEach((cell, j) => {\n' +
    "    if (cell === '') empties.push({ row: i, col: j });\n" +
    '  }));\n' +
    '  if (empties.length === 0) return;\n' +
    '\n' +
    '  // Try to win if possible, otherwise block X, else random\n' +
    "  const { row, col } = findBestMove('O') || findBestMove('X') || empties[Math.floor(Math.random() * empties.length)];\n" +
    "  board[row][col] = 'O';\n" +
    '  checkGameState();\n' +
    '}\n' +
    '\n' +
    '// AI Helper: Find winning/blocking move for player\n' +
    'function findBestMove(player: Player): { row: number, col: number } | null {\n' +
    '  for (let i = 0; i < BOARD_SIZE; i++) {\n' +
    '    for (let j = 0; j < BOARD_SIZE; j++) {\n' +
    "      if (board[i][j] === '') {\n" +
    '        board[i][j] = player;\n' +
    '        if (calculateWinner(board) === player) {\n' +
    "          board[i][j] = ''; // revert\n" +
    '          return { row: i, col: j };\n' +
    '        }\n' +
    "        board[i][j] = '';\n" +
    '      }\n' +
    '    }\n' +
    '  }\n' +
    '  return null;\n' +
    '}\n' +
    '\n' +
    'onMount(() => {\n' +
    '  board = [];\n' +
    '  started = false;\n' +
    '});\n' +
    '</script>\n' +
    '\n' +
    '<!-- UI -->\n' +
    '<div class="ttt-root">\n' +
    '  <div class="ttt-container">\n' +
    '    <h1 class="ttt-title">Tic Tac Toe</h1>\n' +
    '    {#if !started}\n' +
    '      <div class="mode-select">\n' +
    '        <p>Select Game Mode:</p>\n' +
    '        <div class="mode-btns">\n' +
    '          <button\n' +
    '            class="ttt-btn mode"\n' +
    "            on:click={() => startNewGame('pvp')}\n" +
    '            style="background: {PALETTE.primary};"\n' +
    '            aria-label="Play against another player"\n' +
    '          >Player vs Player</button>\n' +
    '          <button\n' +
    '            class="ttt-btn mode"\n' +
    "            on:click={() => startNewGame('cpu')}\n" +
    '            style="background: {PALETTE.secondary};"\n' +
    '            aria-label="Play against computer"\n' +
    '          >Player vs Computer</button>\n' +
    '        </div>\n' +
    '      </div>\n' +
    '    {:else}\n' +
    '      <div class="ttt-controls">\n' +
    '        <div>\n' +
    '          <span class="label">Mode:</span>\n' +
    `          <span>{gameMode === 'pvp' ? "Player vs Player" : "Player vs Computer"}</span>\n` +
    '        </div>\n' +
    '        <div>\n' +
    '          <button class="ttt-btn small" on:click={restartGame} aria-label="Restart Game">Restart</button>\n' +
    '        </div>\n' +
    '      </div>\n' +
    '      <div class="ttt-status"\n' +
    '        style="color: {winner ? PALETTE.accent : (draw ? PALETTE.secondary : PALETTE.primary)};">\n' +
    '        {#if winner}\n' +
    '          <span class="status-text">{status}</span>\n' +
    '        {:else if draw}\n' +
    '          <span class="status-text">{status}</span>\n' +
    '        {:else}\n' +
    '          <span class="status-text">{status}</span>\n' +
    '        {/if}\n' +
    '      </div>\n' +
    '\n' +
    '      <div class="ttt-board" role="grid" aria-label="Tic Tac Toe board">\n' +
    '        {#each board as row, i}\n' +
    '          <div class="ttt-row" role="row">\n' +
    '            {#each row as cell, j}\n' +
    '              <button\n' +
    '                class="ttt-cell"\n' +
    '                role="gridcell"\n' +
    `                aria-label="Cell {i + 1}, {j + 1} {cell ? (cell==='X' ? 'X' : 'O') : ''}"\n` +
    '                on:click={() => handleCellClick(i, j)}\n' +
    "                disabled={!!cell || winner || draw || (gameMode === 'cpu' && currentPlayer === 'O')}\n" +
    `                style="color: {cell === 'X' ? PALETTE.primary : cell === 'O' ? PALETTE.accent : PALETTE.secondary};"\n` +
    '              >\n' +
    '                {cell}\n' +
    '              </button>\n' +
    '            {/each}\n' +
    '          </div>\n' +
    '        {/each}\n' +
    '      </div>\n' +
    '    {/if}\n' +
    '    <div class="ttt-footer">\n' +
    '      <button\n' +
    '        class="ttt-btn outline"\n' +
    '        on:click={() => { started = false; board = []; }}\n' +
    '        aria-label="Start New Game"\n' +
    '        >\n' +
    '        New Game\n' +
    '      </button>\n' +
    '    </div>\n' +
    '  </div>\n' +
    '</div>\n' +
    '\n' +
    '<style>\n' +
    '.ttt-root {\n' +
    '  min-height: 80vh;\n' +
    '  display: flex;\n' +
    '  align-items: center;\n' +
    '  justify-content: center;\n' +
    '  background: none;\n' +
    '}\n' +
    '.ttt-container {\n' +
    '  width: 100%;\n' +
    '  max-width: 350px;\n' +
    '  margin: 0 auto;\n' +
    '  background: #fff;\n' +
    '  border-radius: 22px;\n' +
    '  box-shadow: 0 8px 24px rgba(80,100,130,.07), 0 1.5px 4px rgba(50,60,70,.2);\n' +
    '  padding: 2.5rem 1.25rem 1.5rem 1.25rem;\n' +
    '  box-sizing: border-box;\n' +
    '  display: flex;\n' +
    '  flex-direction: column;\n' +
    '  gap: 1.1rem;\n' +
    '}\n' +
    '\n' +
    '.ttt-title {\n' +
    '  text-align: center;\n' +
    '  color: {PALETTE.primary};\n' +
    '  font-size: 2.1rem;\n' +
    '  font-weight: 700;\n' +
    '  margin: 0 0 4px 0;\n' +
    '  letter-spacing: 0.01em;\n' +
    '}\n' +
    '\n' +
    '.mode-select {\n' +
    '  display: flex;\n' +
    '  flex-direction: column;\n' +
    '  align-items: center;\n' +
    '  gap: 0.8rem;\n' +
    '  padding: 0.5rem 0;\n' +
    '}\n' +
    '\n' +
    '.mode-btns {\n' +
    '  display: flex;\n' +
    '  gap: 1.1rem;\n' +
    '}\n' +
    '\n' +
    '.ttt-btn {\n' +
    '  border: none;\n' +
    '  font-size: 1rem;\n' +
    '  font-weight: 600;\n' +
    '  background: {PALETTE.primary};\n' +
    '  color: #fff;\n' +
    '  padding: 0.65em 1.25em;\n' +
    '  border-radius: 8px;\n' +
    '  outline: none;\n' +
    '  cursor: pointer;\n' +
    '  transition: box-shadow 0.15s, background 0.15s;\n' +
    '  margin: 3px 0;\n' +
    '  box-shadow: 0 2px 8px 0 rgba(20, 40, 70, 0.08);\n' +
    '}\n' +
    '.ttt-btn.mode {\n' +
    '  background: {PALETTE.secondary};\n' +
    '}\n' +
    '.ttt-btn.outline {\n' +
    '  background: none;\n' +
    '  color: {PALETTE.primary};\n' +
    '  border: 2px solid {PALETTE.primary};\n' +
    '  margin: 0 auto;\n' +
    '  display: block;\n' +
    '}\n' +
    '.ttt-btn.small {\n' +
    '  font-size: 0.9rem;\n' +
    '  padding: 0.45em 0.9em;\n' +
    '  background: {PALETTE.secondary};\n' +
    '}\n' +
    '\n' +
    '.ttt-btn:hover, .ttt-btn:focus {\n' +
    '  box-shadow: 0 4px 12px 0 rgba(55, 120, 255, 0.13);\n' +
    '  background: {PALETTE.primary};\n' +
    '  color: #fff;\n' +
    '}\n' +
    '\n' +
    '.ttt-controls {\n' +
    '  display: flex;\n' +
    '  justify-content: space-between;\n' +
    '  align-items: center;\n' +
    '  font-size: 1rem;\n' +
    '  margin-bottom: 0.4em;\n' +
    '}\n' +
    '\n' +
    '.label {\n' +
    '  font-weight: 600;\n' +
    '  color: {PALETTE.secondary};\n' +
    '  margin-right: 0.2em;\n' +
    '}\n' +
    '\n' +
    '.ttt-status {\n' +
    '  min-height: 2.1em;\n' +
    '  text-align: center;\n' +
    '  font-size: 1.14rem;\n' +
    '  margin: 0.6em 0 0.5em 0;\n' +
    '}\n' +
    '\n' +
    '.status-text {\n' +
    '  font-weight: 700;\n' +
    '  letter-spacing: 0.01em;\n' +
    '}\n' +
    '\n' +
    '.ttt-board {\n' +
    '  display: grid;\n' +
    '  grid-template-rows: repeat(3, 1fr);\n' +
    '  gap: 0.46rem;\n' +
    '  width: 100%;\n' +
    '  aspect-ratio: 1 / 1;\n' +
    '  margin: 0 auto;\n' +
    '  max-width: 320px;\n' +
    '  background: #fafbfc;\n' +
    '  border-radius: 14px;\n' +
    '  box-shadow: 0 2px 12px 0 rgba(90,120,220,.05);\n' +
    '  padding: 0.5rem;\n' +
    '}\n' +
    '\n' +
    '.ttt-row {\n' +
    '  display: grid;\n' +
    '  grid-template-columns: repeat(3, 1fr);\n' +
    '  gap: 0.44rem;\n' +
    '}\n' +
    '\n' +
    '.ttt-cell {\n' +
    '  width: 100%;\n' +
    '  aspect-ratio: 1 / 1;\n' +
    '  font-size: 2.2rem;\n' +
    '  font-family: inherit;\n' +
    '  font-weight: 700;\n' +
    '  color: {PALETTE.primary};\n' +
    '  background: #fff;\n' +
    '  border: 2.5px solid {PALETTE.secondary};\n' +
    '  border-radius: 10px;\n' +
    '  outline: none;\n' +
    '  box-shadow: 0 1px 2px 0 rgba(50,60,70,.05);\n' +
    '  display: flex;\n' +
    '  align-items: center;\n' +
    '  justify-content: center;\n' +
    '  transition: border-color 0.15s, background 0.15s;\n' +
    '  cursor: pointer;\n' +
    '  user-select: none;\n' +
    '  position: relative;\n' +
    '}\n' +
    '.ttt-cell:hover, .ttt-cell:focus {\n' +
    '  border-color: {PALETTE.accent};\n' +
    '  background: #fef7e6;\n' +
    '}\n' +
    '.ttt-cell:disabled {\n' +
    '  cursor: not-allowed;\n' +
    '  opacity: 0.7;\n' +
    '  background: #f7fafc;\n' +
    '}\n' +
    '\n' +
    '.ttt-footer {\n' +
    '  margin-top: 1.2em;\n' +
    '  text-align: center;\n' +
    '}\n' +
    '\n' +
    '@media (max-width: 520px) {\n' +
    '  .ttt-container {\n' +
    '    padding: 1.4rem 0.4rem 1rem 0.4rem;\n' +
    '    max-width: 98vw;\n' +
    '  }\n' +
    '  .ttt-title {\n' +
    '    font-size: 1.5rem;\n' +
    '  }\n' +
    '  .ttt-board {\n'... 79 more characters,
  runnerError: Error: RunnerError
      at reviveInvokeError (file:///home/kavia/workspace/code-generation/webtictactoe-59738-33ad1761/tic_tac_toe_frontend_workspace/tic_tac_toe_frontend/node_modules/vite/dist/node/module-runner.js:541:18)
      at Object.invoke (file:///home/kavia/workspace/code-generation/webtictactoe-59738-33ad1761/tic_tac_toe_frontend_workspace/tic_tac_toe_frontend/node_modules/vite/dist/node/module-runner.js:624:15)
      at async SSRCompatModuleRunner.getModuleInformation (file:///home/kavia/workspace/code-generation/webtictactoe-59738-33ad1761/tic_tac_toe_frontend_workspace/tic_tac_toe_frontend/node_modules/vite/dist/node/module-runner.js:1192:73)
      at async request (file:///home/kavia/workspace/code-generation/webtictactoe-59738-33ad1761/tic_tac_toe_frontend_workspace/tic_tac_toe_frontend/node_modules/vite/dist/node/module-runner.js:1214:88)
      at async eval (/home/kavia/workspace/code-generation/webtictactoe-59738-33ad1761/tic_tac_toe_frontend_workspace/tic_tac_toe_frontend/src/routes/+page.svelte:3:153)
      at async ESModulesEvaluator.runInlinedModule (file:///home/kavia/workspace/code-generation/webtictactoe-59738-33ad1761/tic_tac_toe_frontend_workspace/tic_tac_toe_frontend/node_modules/vite/dist/node/module-runner.js:1049:5)
      at async SSRCompatModuleRunner.directRequest (file:///home/kavia/workspace/code-generation/webtictactoe-59738-33ad1761/tic_tac_toe_frontend_workspace/tic_tac_toe_frontend/node_modules/vite/dist/node/module-runner.js:1271:61)
      at async SSRCompatModuleRunner.directRequest (file:///home/kavia/workspace/code-generation/webtictactoe-59738-33ad1761/tic_tac_toe_frontend_workspace/tic_tac_toe_frontend/node_modules/vite/dist/node/chunks/dep-glQox-ep.js:30915:23)
}
[Error [CompileError]: src/routes/TicTacToe.svelte:254:8 Expected a valid CSS identifier
https://svelte.dev/e/css_expected_identifier

- Did you forget to add a lang attribute to your style tag?
- Did you forget to add a lang attribute to your style tag?] {
  id: 'src/routes/TicTacToe.svelte',
  frame: ' 252 |  .ttt-title {\n' +
    ' 253 |    text-align: center;\n' +
    ' 254 |    color: {PALETTE.primary};\n' +
    '                ^\n' +
    ' 255 |    font-size: 2.1rem;\n' +
    ' 256 |    font-weight: 700;',
  code: 'css_expected_identifier',
  loc: { line: 254, column: 8, file: 'src/routes/TicTacToe.svelte' },
  plugin: 'vite-plugin-svelte',
  pluginCode: '<script lang="ts">\n' +
    '// PUBLIC_INTERFACE\n' +
    '/**\n' +
    ' * Main Tic Tac Toe game component.\n' +
    ' * Features:\n' +
    ' *  - Player vs Player and Player vs Computer\n' +
    ' *  - Responsive, modern/minimal layout\n' +
    ' *  - Uses provided color palette: primary/accent/secondary\n' +
    ' *  - Displays board, status, start/new game and restart controls\n' +
    ' */\n' +
    '\n' +
    "import { onMount } from 'svelte';\n" +
    '\n' +
    "type Player = 'X' | 'O';\n" +
    "type Cell = Player | '';\n" +
    'type Board = Cell[][];\n' +
    "type GameMode = 'pvp' | 'cpu';\n" +
    '\n' +
    'const BOARD_SIZE = 3;\n' +
    '\n' +
    '// --- State ---\n' +
    'let board: Board = [];\n' +
    "let currentPlayer: Player = 'X';\n" +
    'let winner: Player | null = null;\n' +
    'let draw: boolean = false;\n' +
    'let started: boolean = false;\n' +
    "let gameMode: GameMode = 'pvp';\n" +
    "let status: string = '';\n" +
    'let gameActive: boolean = true;\n' +
    "let startingPlayer: Player = 'X';\n" +
    '\n' +
    '// --- Setup Color Palette ---\n' +
    'const PALETTE = {\n' +
    "  accent: '#fbbf24',    // yellow\n" +
    "  primary: '#2563eb',   // blue\n" +
    "  secondary: '#64748b', // slate\n" +
    '};\n' +
    '\n' +
    '// --- New Game Initialization ---\n' +
    'function initBoard() {\n' +
    "  board = Array.from({ length: BOARD_SIZE }, () => Array<Cell>(BOARD_SIZE).fill(''));\n" +
    '  winner = null;\n' +
    '  draw = false;\n' +
    '  currentPlayer = startingPlayer;\n' +
    '  gameActive = true;\n' +
    "  status = '';\n" +
    '  started = true;\n' +
    '  // If CPU starts, let it make first move\n' +
    "  if (gameMode === 'cpu' && currentPlayer === 'O') {\n" +
    '    setTimeout(() => computerMove(), 400);\n' +
    '  }\n' +
    '}\n' +
    '\n' +
    'function startNewGame(selectedMode: GameMode) {\n' +
    '  gameMode = selectedMode;\n' +
    "  startingPlayer = 'X';\n" +
    '  initBoard();\n' +
    '}\n' +
    '\n' +
    'function restartGame() {\n' +
    '  // Alternate the starting player for fairness\n' +
    "  startingPlayer = startingPlayer === 'X' ? 'O' : 'X';\n" +
    '  initBoard();\n' +
    '}\n' +
    '\n' +
    '// --- Board Actions & Logic ---\n' +
    'function handleCellClick(row: number, col: number) {\n' +
    "  if (!gameActive || board[row][col] !== '') return;\n" +
    '  if (winner || draw) return;\n' +
    "  if (gameMode === 'cpu' && currentPlayer === 'O') return; // wait for CPU\n" +
    '\n' +
    '  board[row][col] = currentPlayer;\n' +
    '  checkGameState();\n' +
    '\n' +
    "  if (gameMode === 'cpu' && currentPlayer === 'O' && !winner && !draw) {\n" +
    "    setTimeout(() => computerMove(), 400); // CPU 'O' move\n" +
    '  }\n' +
    '}\n' +
    '\n' +
    'function checkGameState() {\n' +
    '  const result = calculateWinner(board);\n' +
    '  if (result) {\n' +
    '    winner = result;\n' +
    '    gameActive = false;\n' +
    '    status = `${winner} wins! 🎉`;\n' +
    '    return;\n' +
    '  }\n' +
    '  if (isBoardFull(board)) {\n' +
    '    draw = true;\n' +
    '    gameActive = false;\n' +
    `    status = "It's a draw! 🤝";\n` +
    '    return;\n' +
    '  }\n' +
    "  currentPlayer = currentPlayer === 'X' ? 'O' : 'X';\n" +
    "  status = `${currentPlayer}'s turn` + (gameMode === 'cpu' && currentPlayer === 'O' ? ' (Computer)' : '');\n" +
    '}\n' +
    '\n' +
    "// Returns 'X' | 'O' | null\n" +
    'function calculateWinner(board: Board): Player | null {\n' +
    '  // Rows, columns, diagonals\n' +
    '  for (let i = 0; i < BOARD_SIZE; i++) {\n' +
    '    // Row\n' +
    '    if (board[i][0] && board[i][0] === board[i][1] && board[i][1] === board[i][2]) return board[i][0];\n' +
    '    // Column\n' +
    '    if (board[0][i] && board[0][i] === board[1][i] && board[1][i] === board[2][i]) return board[0][i];\n' +
    '  }\n' +
    '  // Diagonals\n' +
    '  if (board[0][0] && board[0][0] === board[1][1] && board[1][1] === board[2][2]) return board[0][0];\n' +
    '  if (board[0][2] && board[0][2] === board[1][1] && board[1][1] === board[2][0]) return board[0][2];\n' +
    '  return null;\n' +
    '}\n' +
    '\n' +
    'function isBoardFull(board: Board): boolean {\n' +
    "  return board.every(row => row.every(cell => cell !== ''));\n" +
    '}\n' +
    '\n' +
    '// ----- Computer AI (Random available spot, could be improved) -----\n' +
    'function computerMove() {\n' +
    "  if (!gameActive || currentPlayer !== 'O') return;\n" +
    '  // Collect empty cells\n' +
    '  const empties: { row: number, col: number }[] = [];\n' +
    '  board.forEach((row, i) => row.forEach((cell, j) => {\n' +
    "    if (cell === '') empties.push({ row: i, col: j });\n" +
    '  }));\n' +
    '  if (empties.length === 0) return;\n' +
    '\n' +
    '  // Try to win if possible, otherwise block X, else random\n' +
    "  const { row, col } = findBestMove('O') || findBestMove('X') || empties[Math.floor(Math.random() * empties.length)];\n" +
    "  board[row][col] = 'O';\n" +
    '  checkGameState();\n' +
    '}\n' +
    '\n' +
    '// AI Helper: Find winning/blocking move for player\n' +
    'function findBestMove(player: Player): { row: number, col: number } | null {\n' +
    '  for (let i = 0; i < BOARD_SIZE; i++) {\n' +
    '    for (let j = 0; j < BOARD_SIZE; j++) {\n' +
    "      if (board[i][j] === '') {\n" +
    '        board[i][j] = player;\n' +
    '        if (calculateWinner(board) === player) {\n' +
    "          board[i][j] = ''; // revert\n" +
    '          return { row: i, col: j };\n' +
    '        }\n' +
    "        board[i][j] = '';\n" +
    '      }\n' +
    '    }\n' +
    '  }\n' +
    '  return null;\n' +
    '}\n' +
    '\n' +
    'onMount(() => {\n' +
    '  board = [];\n' +
    '  started = false;\n' +
    '});\n' +
    '</script>\n' +
    '\n' +
    '<!-- UI -->\n' +
    '<div class="ttt-root">\n' +
    '  <div class="ttt-container">\n' +
    '    <h1 class="ttt-title">Tic Tac Toe</h1>\n' +
    '    {#if !started}\n' +
    '      <div class="mode-select">\n' +
    '        <p>Select Game Mode:</p>\n' +
    '        <div class="mode-btns">\n' +
    '          <button\n' +
    '            class="ttt-btn mode"\n' +
    "            on:click={() => startNewGame('pvp')}\n" +
    '            style="background: {PALETTE.primary};"\n' +
    '            aria-label="Play against another player"\n' +
    '          >Player vs Player</button>\n' +
    '          <button\n' +
    '            class="ttt-btn mode"\n' +
    "            on:click={() => startNewGame('cpu')}\n" +
    '            style="background: {PALETTE.secondary};"\n' +
    '            aria-label="Play against computer"\n' +
    '          >Player vs Computer</button>\n' +
    '        </div>\n' +
    '      </div>\n' +
    '    {:else}\n' +
    '      <div class="ttt-controls">\n' +
    '        <div>\n' +
    '          <span class="label">Mode:</span>\n' +
    `          <span>{gameMode === 'pvp' ? "Player vs Player" : "Player vs Computer"}</span>\n` +
    '        </div>\n' +
    '        <div>\n' +
    '          <button class="ttt-btn small" on:click={restartGame} aria-label="Restart Game">Restart</button>\n' +
    '        </div>\n' +
    '      </div>\n' +
    '      <div class="ttt-status"\n' +
    '        style="color: {winner ? PALETTE.accent : (draw ? PALETTE.secondary : PALETTE.primary)};">\n' +
    '        {#if winner}\n' +
    '          <span class="status-text">{status}</span>\n' +
    '        {:else if draw}\n' +
    '          <span class="status-text">{status}</span>\n' +
    '        {:else}\n' +
    '          <span class="status-text">{status}</span>\n' +
    '        {/if}\n' +
    '      </div>\n' +
    '\n' +
    '      <div class="ttt-board" role="grid" aria-label="Tic Tac Toe board">\n' +
    '        {#each board as row, i}\n' +
    '          <div class="ttt-row" role="row">\n' +
    '            {#each row as cell, j}\n' +
    '              <button\n' +
    '                class="ttt-cell"\n' +
    '                role="gridcell"\n' +
    `                aria-label="Cell {i + 1}, {j + 1} {cell ? (cell==='X' ? 'X' : 'O') : ''}"\n` +
    '                on:click={() => handleCellClick(i, j)}\n' +
    "                disabled={!!cell || winner || draw || (gameMode === 'cpu' && currentPlayer === 'O')}\n" +
    `                style="color: {cell === 'X' ? PALETTE.primary : cell === 'O' ? PALETTE.accent : PALETTE.secondary};"\n` +
    '              >\n' +
    '                {cell}\n' +
    '              </button>\n' +
    '            {/each}\n' +
    '          </div>\n' +
    '        {/each}\n' +
    '      </div>\n' +
    '    {/if}\n' +
    '    <div class="ttt-footer">\n' +
    '      <button\n' +
    '        class="ttt-btn outline"\n' +
    '        on:click={() => { started = false; board = []; }}\n' +
    '        aria-label="Start New Game"\n' +
    '        >\n' +
    '        New Game\n' +
    '      </button>\n' +
    '    </div>\n' +
    '  </div>\n' +
    '</div>\n' +
    '\n' +
    '<style>\n' +
    '.ttt-root {\n' +
    '  min-height: 80vh;\n' +
    '  display: flex;\n' +
    '  align-items: center;\n' +
    '  justify-content: center;\n' +
    '  background: none;\n' +
    '}\n' +
    '.ttt-container {\n' +
    '  width: 100%;\n' +
    '  max-width: 350px;\n' +
    '  margin: 0 auto;\n' +
    '  background: #fff;\n' +
    '  border-radius: 22px;\n' +
    '  box-shadow: 0 8px 24px rgba(80,100,130,.07), 0 1.5px 4px rgba(50,60,70,.2);\n' +
    '  padding: 2.5rem 1.25rem 1.5rem 1.25rem;\n' +
    '  box-sizing: border-box;\n' +
    '  display: flex;\n' +
    '  flex-direction: column;\n' +
    '  gap: 1.1rem;\n' +
    '}\n' +
    '\n' +
    '.ttt-title {\n' +
    '  text-align: center;\n' +
    '  color: {PALETTE.primary};\n' +
    '  font-size: 2.1rem;\n' +
    '  font-weight: 700;\n' +
    '  margin: 0 0 4px 0;\n' +
    '  letter-spacing: 0.01em;\n' +
    '}\n' +
    '\n' +
    '.mode-select {\n' +
    '  display: flex;\n' +
    '  flex-direction: column;\n' +
    '  align-items: center;\n' +
    '  gap: 0.8rem;\n' +
    '  padding: 0.5rem 0;\n' +
    '}\n' +
    '\n' +
    '.mode-btns {\n' +
    '  display: flex;\n' +
    '  gap: 1.1rem;\n' +
    '}\n' +
    '\n' +
    '.ttt-btn {\n' +
    '  border: none;\n' +
    '  font-size: 1rem;\n' +
    '  font-weight: 600;\n' +
    '  background: {PALETTE.primary};\n' +
    '  color: #fff;\n' +
    '  padding: 0.65em 1.25em;\n' +
    '  border-radius: 8px;\n' +
    '  outline: none;\n' +
    '  cursor: pointer;\n' +
    '  transition: box-shadow 0.15s, background 0.15s;\n' +
    '  margin: 3px 0;\n' +
    '  box-shadow: 0 2px 8px 0 rgba(20, 40, 70, 0.08);\n' +
    '}\n' +
    '.ttt-btn.mode {\n' +
    '  background: {PALETTE.secondary};\n' +
    '}\n' +
    '.ttt-btn.outline {\n' +
    '  background: none;\n' +
    '  color: {PALETTE.primary};\n' +
    '  border: 2px solid {PALETTE.primary};\n' +
    '  margin: 0 auto;\n' +
    '  display: block;\n' +
    '}\n' +
    '.ttt-btn.small {\n' +
    '  font-size: 0.9rem;\n' +
    '  padding: 0.45em 0.9em;\n' +
    '  background: {PALETTE.secondary};\n' +
    '}\n' +
    '\n' +
    '.ttt-btn:hover, .ttt-btn:focus {\n' +
    '  box-shadow: 0 4px 12px 0 rgba(55, 120, 255, 0.13);\n' +
    '  background: {PALETTE.primary};\n' +
    '  color: #fff;\n' +
    '}\n' +
    '\n' +
    '.ttt-controls {\n' +
    '  display: flex;\n' +
    '  justify-content: space-between;\n' +
    '  align-items: center;\n' +
    '  font-size: 1rem;\n' +
    '  margin-bottom: 0.4em;\n' +
    '}\n' +
    '\n' +
    '.label {\n' +
    '  font-weight: 600;\n' +
    '  color: {PALETTE.secondary};\n' +
    '  margin-right: 0.2em;\n' +
    '}\n' +
    '\n' +
    '.ttt-status {\n' +
    '  min-height: 2.1em;\n' +
    '  text-align: center;\n' +
    '  font-size: 1.14rem;\n' +
    '  margin: 0.6em 0 0.5em 0;\n' +
    '}\n' +
    '\n' +
    '.status-text {\n' +
    '  font-weight: 700;\n' +
    '  letter-spacing: 0.01em;\n' +
    '}\n' +
    '\n' +
    '.ttt-board {\n' +
    '  display: grid;\n' +
    '  grid-template-rows: repeat(3, 1fr);\n' +
    '  gap: 0.46rem;\n' +
    '  width: 100%;\n' +
    '  aspect-ratio: 1 / 1;\n' +
    '  margin: 0 auto;\n' +
    '  max-width: 320px;\n' +
    '  background: #fafbfc;\n' +
    '  border-radius: 14px;\n' +
    '  box-shadow: 0 2px 12px 0 rgba(90,120,220,.05);\n' +
    '  padding: 0.5rem;\n' +
    '}\n' +
    '\n' +
    '.ttt-row {\n' +
    '  display: grid;\n' +
    '  grid-template-columns: repeat(3, 1fr);\n' +
    '  gap: 0.44rem;\n' +
    '}\n' +
    '\n' +
    '.ttt-cell {\n' +
    '  width: 100%;\n' +
    '  aspect-ratio: 1 / 1;\n' +
    '  font-size: 2.2rem;\n' +
    '  font-family: inherit;\n' +
    '  font-weight: 700;\n' +
    '  color: {PALETTE.primary};\n' +
    '  background: #fff;\n' +
    '  border: 2.5px solid {PALETTE.secondary};\n' +
    '  border-radius: 10px;\n' +
    '  outline: none;\n' +
    '  box-shadow: 0 1px 2px 0 rgba(50,60,70,.05);\n' +
    '  display: flex;\n' +
    '  align-items: center;\n' +
    '  justify-content: center;\n' +
    '  transition: border-color 0.15s, background 0.15s;\n' +
    '  cursor: pointer;\n' +
    '  user-select: none;\n' +
    '  position: relative;\n' +
    '}\n' +
    '.ttt-cell:hover, .ttt-cell:focus {\n' +
    '  border-color: {PALETTE.accent};\n' +
    '  background: #fef7e6;\n' +
    '}\n' +
    '.ttt-cell:disabled {\n' +
    '  cursor: not-allowed;\n' +
    '  opacity: 0.7;\n' +
    '  background: #f7fafc;\n' +
    '}\n' +
    '\n' +
    '.ttt-footer {\n' +
    '  margin-top: 1.2em;\n' +
    '  text-align: center;\n' +
    '}\n' +
    '\n' +
    '@media (max-width: 520px) {\n' +
    '  .ttt-container {\n' +
    '    padding: 1.4rem 0.4rem 1rem 0.4rem;\n' +
    '    max-width: 98vw;\n' +
    '  }\n' +
    '  .ttt-title {\n' +
    '    font-size: 1.5rem;\n' +
    '  }\n' +
    '  .ttt-board {\n'... 79 more characters,
  runnerError: Error: RunnerError
      at reviveInvokeError (file:///home/kavia/workspace/code-generation/webtictactoe-59738-33ad1761/tic_tac_toe_frontend_workspace/tic_tac_toe_frontend/node_modules/vite/dist/node/module-runner.js:541:18)
      at Object.invoke (file:///home/kavia/workspace/code-generation/webtictactoe-59738-33ad1761/tic_tac_toe_frontend_workspace/tic_tac_toe_frontend/node_modules/vite/dist/node/module-runner.js:624:15)
      at async SSRCompatModuleRunner.getModuleInformation (file:///home/kavia/workspace/code-generation/webtictactoe-59738-33ad1761/tic_tac_toe_frontend_workspace/tic_tac_toe_frontend/node_modules/vite/dist/node/module-runner.js:1192:73)
      at async request (file:///home/kavia/workspace/code-generation/webtictactoe-59738-33ad1761/tic_tac_toe_frontend_workspace/tic_tac_toe_frontend/node_modules/vite/dist/node/module-runner.js:1214:88)
      at async eval (/home/kavia/workspace/code-generation/webtictactoe-59738-33ad1761/tic_tac_toe_frontend_workspace/tic_tac_toe_frontend/src/routes/+page.svelte:3:153)
      at async ESModulesEvaluator.runInlinedModule (file:///home/kavia/workspace/code-generation/webtictactoe-59738-33ad1761/tic_tac_toe_frontend_workspace/tic_tac_toe_frontend/node_modules/vite/dist/node/module-runner.js:1049:5)
      at async SSRCompatModuleRunner.directRequest (file:///home/kavia/workspace/code-generation/webtictactoe-59738-33ad1761/tic_tac_toe_frontend_workspace/tic_tac_toe_frontend/node_modules/vite/dist/node/module-runner.js:1271:61)
      at async SSRCompatModuleRunner.directRequest (file:///home/kavia/workspace/code-generation/webtictactoe-59738-33ad1761/tic_tac_toe_frontend_workspace/tic_tac_toe_frontend/node_modules/vite/dist/node/chunks/dep-glQox-ep.js:30915:23)
}
7:01:25 PM [vite] (client) ✨ new dependencies optimized: clsx
7:01:25 PM [vite] (client) ✨ optimized dependencies changed. reloading
7:02:34 PM [vite] (client) Pre-transform error: src/routes/TicTacToe.svelte:254:8 Expected a valid CSS identifier
https://svelte.dev/e/css_expected_identifier

- Did you forget to add a lang attribute to your style tag?
- Did you forget to add a lang attribute to your style tag?
  Plugin: vite-plugin-svelte
  File: src/routes/TicTacToe.svelte:254:8
   252 |  .ttt-title {
   253 |    text-align: center;
   254 |    color: {PALETTE.primary};
                  ^
   255 |    font-size: 2.1rem;
   256 |    font-weight: 700;
7:02:35 PM [vite] Internal server error: src/routes/TicTacToe.svelte:254:8 Expected a valid CSS identifier
https://svelte.dev/e/css_expected_identifier

- Did you forget to add a lang attribute to your style tag?
- Did you forget to add a lang attribute to your style tag?
  Plugin: vite-plugin-svelte
  File: src/routes/TicTacToe.svelte:254:8
   252 |  .ttt-title {
   253 |    text-align: center;
   254 |    color: {PALETTE.primary};
                  ^
   255 |    font-size: 2.1rem;
   256 |    font-weight: 700;
7:03:21 PM [vite] (client) hmr update /src/routes/Header.svelte
7:03:21 PM [vite] (ssr) page reload src/routes/Header.svelte
